[2026-08-07 22:48:02] [INFO]: User berhasil registrasi: test@example.com
[2026-08-07 22:48:02] [ERROR]: Gagal registrasi untuk email test@example.com: Email sudah terdaftar
[2026-08-07 22:48:02] [WARN]: Email sudah terdaftar
[2026-08-07 22:57:41] [INFO]: User berhasil registrasi: test@example.com
[2026-08-07 22:57:41] [ERROR]: Gagal registrasi untuk email test@example.com: Email sudah terdaftar
[2026-08-07 22:57:41] [WARN]: Email sudah terdaftar
[2026-08-07 22:57:42] [INFO]: User sukses login: test@example.com
[2026-08-07 22:57:42] [WARN]: Percobaan login gagal untuk email test@example.com: Email atau password salah
[2026-08-07 22:57:42] [WARN]: Email atau password salah
[2026-08-07 22:58:54] [INFO]: User berhasil registrasi: test@example.com
[2026-08-07 22:58:54] [ERROR]: Gagal registrasi untuk email test@example.com: Email sudah terdaftar
[2026-08-07 22:58:54] [WARN]: Email sudah terdaftar
[2026-08-07 22:58:55] [INFO]: User sukses login: test@example.com
[2026-08-07 22:58:55] [WARN]: Percobaan login gagal untuk email test@example.com: Email atau password salah
[2026-08-07 22:58:55] [WARN]: Email atau password salah
[2026-08-07 23:00:22] [INFO]: User berhasil registrasi: test@example.com
[2026-08-07 23:00:22] [ERROR]: Gagal registrasi untuk email test@example.com: Email sudah terdaftar
[2026-08-07 23:00:22] [WARN]: Email sudah terdaftar
[2026-08-07 23:00:23] [INFO]: User sukses login: test@example.com
[2026-08-07 23:00:23] [WARN]: Percobaan login gagal untuk email test@example.com: Email atau password salah
[2026-08-07 23:00:23] [WARN]: Email atau password salah
[2026-08-07 23:01:00] [INFO]: User berhasil registrasi: test@example.com
[2026-08-07 23:01:00] [ERROR]: Gagal registrasi untuk email test@example.com: Email sudah terdaftar
[2026-08-07 23:01:00] [WARN]: Email sudah terdaftar
[2026-08-07 23:01:01] [INFO]: User sukses login: test@example.com
[2026-08-07 23:01:01] [WARN]: Percobaan login gagal untuk email test@example.com: Email atau password salah
[2026-08-07 23:01:01] [WARN]: Email atau password salah
[2026-08-07 23:34:42] [INFO]: User berhasil registrasi: test@example.com
[2026-08-07 23:34:42] [ERROR]: Gagal registrasi untuk email test@example.com: Email sudah terdaftar
[2026-08-07 23:34:42] [WARN]: Email sudah terdaftar
[2026-08-07 23:34:42] [INFO]: User sukses login: test@example.com
[2026-08-07 23:34:43] [WARN]: Percobaan login gagal untuk email test@example.com: Email atau password salah
[2026-08-07 23:34:43] [WARN]: Email atau password salah
[2026-08-07 23:34:43] [INFO]: User sukses login: test@example.com
[2026-08-07 23:38:01] [INFO]: User berhasil registrasi: test@example.com
[2026-08-07 23:38:01] [ERROR]: Gagal registrasi untuk email test@example.com: Email sudah terdaftar
[2026-08-07 23:38:01] [WARN]: Email sudah terdaftar
[2026-08-07 23:38:01] [INFO]: User sukses login: test@example.com
[2026-08-07 23:38:02] [WARN]: Percobaan login gagal untuk email test@example.com: Email atau password salah
[2026-08-07 23:38:02] [WARN]: Email atau password salah
[2026-08-07 23:38:02] [INFO]: User sukses login: test@example.com
[2026-08-07 23:40:18] [INFO]: User berhasil registrasi: test@example.com
[2026-08-07 23:40:18] [ERROR]: Gagal registrasi untuk email test@example.com: Email sudah terdaftar
[2026-08-07 23:40:18] [WARN]: Email sudah terdaftar
[2026-08-07 23:40:18] [INFO]: User sukses login: test@example.com
[2026-08-07 23:40:18] [WARN]: Percobaan login gagal untuk email test@example.com: Email atau password salah
[2026-08-07 23:40:18] [WARN]: Email atau password salah
[2026-08-07 23:40:18] [INFO]: User sukses login: test@example.com
[2026-08-07 23:43:33] [INFO]: User berhasil registrasi: test@example.com
[2026-08-07 23:43:33] [ERROR]: Gagal registrasi untuk email test@example.com: Email sudah terdaftar
[2026-08-07 23:43:33] [WARN]: Email sudah terdaftar
[2026-08-07 23:43:33] [INFO]: User sukses login: test@example.com
[2026-08-07 23:43:34] [WARN]: Percobaan login gagal untuk email test@example.com: Email atau password salah
[2026-08-07 23:43:34] [WARN]: Email atau password salah
[2026-08-07 23:43:34] [INFO]: User sukses login: test@example.com
[2026-08-07 23:46:26] [INFO]: User berhasil registrasi: test@example.com
[2026-08-07 23:46:26] [ERROR]: Gagal registrasi untuk email test@example.com: Email sudah terdaftar
[2026-08-07 23:46:26] [WARN]: Email sudah terdaftar
[2026-08-07 23:46:26] [INFO]: User sukses login: test@example.com
[2026-08-07 23:46:26] [WARN]: Percobaan login gagal untuk email test@example.com: Email atau password salah
[2026-08-07 23:46:26] [WARN]: Email atau password salah
[2026-08-07 23:46:27] [INFO]: User sukses login: test@example.com
[2026-08-07 23:49:30] [INFO]: User berhasil registrasi: test@example.com
[2026-08-07 23:49:30] [ERROR]: Gagal registrasi untuk email test@example.com: Email sudah terdaftar
[2026-08-07 23:49:30] [WARN]: Email sudah terdaftar
[2026-08-07 23:49:30] [INFO]: User sukses login: test@example.com
[2026-08-07 23:49:30] [WARN]: Percobaan login gagal untuk email test@example.com: Email atau password salah
[2026-08-07 23:49:30] [WARN]: Email atau password salah
[2026-08-07 23:49:31] [INFO]: User sukses login: test@example.com
[2026-08-07 23:49:31] [INFO]: User mengambil profile test@example.com
[2026-08-08 00:14:32] [INFO]: User berhasil registrasi: test@example.com
[2026-08-08 00:14:32] [ERROR]: Gagal registrasi untuk email test@example.com: Email sudah terdaftar
[2026-08-08 00:14:32] [WARN]: Email sudah terdaftar
[2026-08-08 00:14:32] [INFO]: User sukses login: test@example.com
[2026-08-08 00:14:33] [WARN]: Percobaan login gagal untuk email test@example.com: Email atau password salah
[2026-08-08 00:14:33] [WARN]: Email atau password salah
[2026-08-08 00:14:33] [INFO]: User sukses login: test@example.com
[2026-08-08 00:14:33] [INFO]: User mengambil profile test@example.com
[2026-08-08 00:16:32] [INFO]: User berhasil registrasi: test@example.com
[2026-08-08 00:16:32] [ERROR]: Gagal registrasi untuk email test@example.com: Email sudah terdaftar
[2026-08-08 00:16:32] [WARN]: Email sudah terdaftar
[2026-08-08 00:16:32] [INFO]: User sukses login: test@example.com
[2026-08-08 00:16:33] [WARN]: Percobaan login gagal untuk email test@example.com: Email atau password salah
[2026-08-08 00:16:33] [WARN]: Email atau password salah
[2026-08-08 00:16:33] [INFO]: User sukses login: test@example.com
[2026-08-08 00:16:33] [INFO]: User mengambil profile test@example.com
[2026-08-08 00:16:33] [INFO]: User sukses login: test@example.com
[2026-08-08 00:18:12] [INFO]: User berhasil registrasi: test@example.com
[2026-08-08 00:18:12] [ERROR]: Gagal registrasi untuk email test@example.com: Email sudah terdaftar
[2026-08-08 00:18:12] [WARN]: Email sudah terdaftar
[2026-08-08 00:18:13] [INFO]: User sukses login: test@example.com
[2026-08-08 00:18:13] [WARN]: Percobaan login gagal untuk email test@example.com: Email atau password salah
[2026-08-08 00:18:13] [WARN]: Email atau password salah
[2026-08-08 00:18:13] [INFO]: User sukses login: test@example.com
[2026-08-08 00:18:13] [INFO]: User mengambil profile test@example.com
[2026-08-08 00:18:14] [INFO]: User sukses login: test@example.com
[2026-08-08 00:18:14] [ERROR]: Gagal logout: Refresh token tidak valid
[2026-08-08 00:18:14] [WARN]: Refresh token tidak valid
[2026-08-08 00:18:43] [INFO]: User berhasil registrasi: test@example.com
[2026-08-08 00:18:43] [ERROR]: Gagal registrasi untuk email test@example.com: Email sudah terdaftar
[2026-08-08 00:18:43] [WARN]: Email sudah terdaftar
[2026-08-08 00:18:43] [INFO]: User sukses login: test@example.com
[2026-08-08 00:18:43] [WARN]: Percobaan login gagal untuk email test@example.com: Email atau password salah
[2026-08-08 00:18:43] [WARN]: Email atau password salah
[2026-08-08 00:18:43] [INFO]: User sukses login: test@example.com
[2026-08-08 00:18:43] [INFO]: User mengambil profile test@example.com
[2026-08-08 00:18:44] [INFO]: User sukses login: test@example.com
[2026-08-08 00:18:44] [ERROR]: Gagal logout: Refresh token tidak valid
[2026-08-08 00:18:44] [WARN]: Refresh token tidak valid
